// Jest Snapshot v1, https://goo.gl/fbAQLP

exports[`CollectionsOverview component should render the CollectionsOverview component 1`] = `ShallowWrapper {}`;
