// Jest Snapshot v1, https://goo.gl/fbAQLP

exports[`CheckoutPage page should render CheckoutPage page 1`] = `ShallowWrapper {}`;
