// Jest Snapshot v1, https://goo.gl/fbAQLP

exports[`HomePage page should render HomePage page 1`] = `ShallowWrapper {}`;
