// Jest Snapshot v1, https://goo.gl/fbAQLP

exports[`CollectionPage page should render CollectionPage page 1`] = `ShallowWrapper {}`;
