// Jest Snapshot v1, https://goo.gl/fbAQLP

exports[`WithSpinner HOC should render WithSpinner component and inner child 1`] = `ShallowWrapper {}`;
