// Jest Snapshot v1, https://goo.gl/fbAQLP

exports[`SignInAndSignUpPage page SignInAndSignUpPage component should render 1`] = `ShallowWrapper {}`;
