// Jest Snapshot v1, https://goo.gl/fbAQLP

exports[`StripeCheckoutButton component should render StripeCheckoutButton component 1`] = `ShallowWrapper {}`;
